// Jest Snapshot v1, https://goo.gl/fbAQLP

exports[`Card Component Test Card should render quoteData correctly and match snapshot 1`] = `
ShallowWrapper {
  "length": 1,
  Symbol(enzyme.__root__): [Circular],
  Symbol(enzyme.__unrendered__): <Card
    data={
        Object {
            "author": "Robertson Davies",
            "categories": Array [
              undefined,
              undefined,
              undefined,
              undefined,
            ],
            "id": "65w3JLiRe5u_TKWtK5qyrweF",
            "quote": "Students today are a pretty solemn lot. One of the really notable achievements of the twentieth century has been to make the young old before their time.",
          }
    }
    handleClick={[Function]}
/>,
  Symbol(enzyme.__renderer__): Object {
    "batchedUpdates": [Function],
    "getNode": [Function],
    "render": [Function],
    "simulateEvent": [Function],
    "unmount": [Function],
  },
  Symbol(enzyme.__node__): Object {
    "instance": null,
    "key": undefined,
    "nodeType": "host",
    "props": Object {
      "children": <div>
        <div
                className="nonFavorite"
        >
                <div>
                        <h4
                                className="quote"
                        >
                                Students today are a pretty solemn lot. One of the really notable achievements of the twentieth century has been to make the young old before their time.
                        </h4>
                        <h5
                                className="author"
                        >
                                Robertson Davies
                        </h5>
                </div>
        </div>
        <div
                className="categories"
        >
                
        </div>
        <button
                onClick={[Function]}
        />
</div>,
    },
    "ref": null,
    "rendered": Object {
      "instance": null,
      "key": undefined,
      "nodeType": "host",
      "props": Object {
        "children": Array [
          <div
            className="nonFavorite"
>
            <div>
                        <h4
                                    className="quote"
                        >
                                    Students today are a pretty solemn lot. One of the really notable achievements of the twentieth century has been to make the young old before their time.
                        </h4>
                        <h5
                                    className="author"
                        >
                                    Robertson Davies
                        </h5>
            </div>
</div>,
          <div
            className="categories"
>
            
</div>,
          <button
            onClick={[Function]}
/>,
        ],
      },
      "ref": null,
      "rendered": Array [
        Object {
          "instance": null,
          "key": undefined,
          "nodeType": "host",
          "props": Object {
            "children": <div>
              <h4
                            className="quote"
              >
                            Students today are a pretty solemn lot. One of the really notable achievements of the twentieth century has been to make the young old before their time.
              </h4>
              <h5
                            className="author"
              >
                            Robertson Davies
              </h5>
</div>,
            "className": "nonFavorite",
          },
          "ref": null,
          "rendered": Object {
            "instance": null,
            "key": undefined,
            "nodeType": "host",
            "props": Object {
              "children": Array [
                <h4
                  className="quote"
>
                  Students today are a pretty solemn lot. One of the really notable achievements of the twentieth century has been to make the young old before their time.
</h4>,
                <h5
                  className="author"
>
                  Robertson Davies
</h5>,
              ],
            },
            "ref": null,
            "rendered": Array [
              Object {
                "instance": null,
                "key": undefined,
                "nodeType": "host",
                "props": Object {
                  "children": "Students today are a pretty solemn lot. One of the really notable achievements of the twentieth century has been to make the young old before their time.",
                  "className": "quote",
                },
                "ref": null,
                "rendered": "Students today are a pretty solemn lot. One of the really notable achievements of the twentieth century has been to make the young old before their time.",
                "type": "h4",
              },
              Object {
                "instance": null,
                "key": undefined,
                "nodeType": "host",
                "props": Object {
                  "children": "Robertson Davies",
                  "className": "author",
                },
                "ref": null,
                "rendered": "Robertson Davies",
                "type": "h5",
              },
            ],
            "type": "div",
          },
          "type": "div",
        },
        Object {
          "instance": null,
          "key": undefined,
          "nodeType": "host",
          "props": Object {
            "children": Array [
              undefined,
              undefined,
              undefined,
              undefined,
            ],
            "className": "categories",
          },
          "ref": null,
          "rendered": Array [],
          "type": "div",
        },
        Object {
          "instance": null,
          "key": undefined,
          "nodeType": "host",
          "props": Object {
            "onClick": [Function],
          },
          "ref": null,
          "rendered": null,
          "type": "button",
        },
      ],
      "type": "div",
    },
    "type": "div",
  },
  Symbol(enzyme.__nodes__): Array [
    Object {
      "instance": null,
      "key": undefined,
      "nodeType": "host",
      "props": Object {
        "children": <div>
          <div
                    className="nonFavorite"
          >
                    <div>
                              <h4
                                        className="quote"
                              >
                                        Students today are a pretty solemn lot. One of the really notable achievements of the twentieth century has been to make the young old before their time.
                              </h4>
                              <h5
                                        className="author"
                              >
                                        Robertson Davies
                              </h5>
                    </div>
          </div>
          <div
                    className="categories"
          >
                    
          </div>
          <button
                    onClick={[Function]}
          />
</div>,
      },
      "ref": null,
      "rendered": Object {
        "instance": null,
        "key": undefined,
        "nodeType": "host",
        "props": Object {
          "children": Array [
            <div
              className="nonFavorite"
>
              <div>
                            <h4
                                          className="quote"
                            >
                                          Students today are a pretty solemn lot. One of the really notable achievements of the twentieth century has been to make the young old before their time.
                            </h4>
                            <h5
                                          className="author"
                            >
                                          Robertson Davies
                            </h5>
              </div>
</div>,
            <div
              className="categories"
>
              
</div>,
            <button
              onClick={[Function]}
/>,
          ],
        },
        "ref": null,
        "rendered": Array [
          Object {
            "instance": null,
            "key": undefined,
            "nodeType": "host",
            "props": Object {
              "children": <div>
                <h4
                                className="quote"
                >
                                Students today are a pretty solemn lot. One of the really notable achievements of the twentieth century has been to make the young old before their time.
                </h4>
                <h5
                                className="author"
                >
                                Robertson Davies
                </h5>
</div>,
              "className": "nonFavorite",
            },
            "ref": null,
            "rendered": Object {
              "instance": null,
              "key": undefined,
              "nodeType": "host",
              "props": Object {
                "children": Array [
                  <h4
                    className="quote"
>
                    Students today are a pretty solemn lot. One of the really notable achievements of the twentieth century has been to make the young old before their time.
</h4>,
                  <h5
                    className="author"
>
                    Robertson Davies
</h5>,
                ],
              },
              "ref": null,
              "rendered": Array [
                Object {
                  "instance": null,
                  "key": undefined,
                  "nodeType": "host",
                  "props": Object {
                    "children": "Students today are a pretty solemn lot. One of the really notable achievements of the twentieth century has been to make the young old before their time.",
                    "className": "quote",
                  },
                  "ref": null,
                  "rendered": "Students today are a pretty solemn lot. One of the really notable achievements of the twentieth century has been to make the young old before their time.",
                  "type": "h4",
                },
                Object {
                  "instance": null,
                  "key": undefined,
                  "nodeType": "host",
                  "props": Object {
                    "children": "Robertson Davies",
                    "className": "author",
                  },
                  "ref": null,
                  "rendered": "Robertson Davies",
                  "type": "h5",
                },
              ],
              "type": "div",
            },
            "type": "div",
          },
          Object {
            "instance": null,
            "key": undefined,
            "nodeType": "host",
            "props": Object {
              "children": Array [
                undefined,
                undefined,
                undefined,
                undefined,
              ],
              "className": "categories",
            },
            "ref": null,
            "rendered": Array [],
            "type": "div",
          },
          Object {
            "instance": null,
            "key": undefined,
            "nodeType": "host",
            "props": Object {
              "onClick": [Function],
            },
            "ref": null,
            "rendered": null,
            "type": "button",
          },
        ],
        "type": "div",
      },
      "type": "div",
    },
  ],
  Symbol(enzyme.__options__): Object {
    "adapter": ReactSixteenAdapter {
      "options": Object {
        "enableComponentDidUpdateOnSetState": true,
      },
    },
  },
}
`;
