// Jest Snapshot v1, https://goo.gl/fbAQLP

exports[`Header Component Test should render without blowing up (oh, and match snapshot) 1`] = `
ShallowWrapper {
  "length": 1,
  Symbol(enzyme.__root__): [Circular],
  Symbol(enzyme.__unrendered__): <Header />,
  Symbol(enzyme.__renderer__): Object {
    "batchedUpdates": [Function],
    "getNode": [Function],
    "render": [Function],
    "simulateEvent": [Function],
    "unmount": [Function],
  },
  Symbol(enzyme.__node__): Object {
    "instance": null,
    "key": undefined,
    "nodeType": "host",
    "props": Object {
      "children": <div
        className="header-section"
>
        <header>
                <h1>
                        QUICK QUOTE
                </h1>
                <NavLink
                        activeClassName="active"
                        ariaCurrent="true"
                        className="nav"
                        to="/home"
                >
                        Home
                </NavLink>
                <NavLink
                        activeClassName="active"
                        ariaCurrent="true"
                        className="nav"
                        to="/motivation"
                >
                        Motivation
                </NavLink>
                <NavLink
                        activeClassName="active"
                        ariaCurrent="true"
                        className="nav"
                        to="/positive"
                >
                        Positive
                </NavLink>
                <NavLink
                        activeClassName="active"
                        ariaCurrent="true"
                        className="nav"
                        to="/life"
                >
                        Life
                </NavLink>
                <NavLink
                        activeClassName="active"
                        ariaCurrent="true"
                        className="nav"
                        to="/funny"
                >
                        Funny
                </NavLink>
                <NavLink
                        activeClassName="active"
                        ariaCurrent="true"
                        className="nav"
                        to="/love"
                >
                        Love
                </NavLink>
                <NavLink
                        activeClassName="active"
                        ariaCurrent="true"
                        className="nav"
                        to="/random"
                >
                        Random
                </NavLink>
                <NavLink
                        activeClassName="active"
                        ariaCurrent="true"
                        className="nav"
                        to="/students"
                >
                        Students
                </NavLink>
                <NavLink
                        activeClassName="active"
                        ariaCurrent="true"
                        className="nav"
                        to="/inspiration"
                >
                        Inspiration
                </NavLink>
                <NavLink
                        activeClassName="active"
                        ariaCurrent="true"
                        className="nav"
                        to="/meditation"
                >
                        Meditation
                </NavLink>
        </header>
</div>,
    },
    "ref": null,
    "rendered": Object {
      "instance": null,
      "key": undefined,
      "nodeType": "host",
      "props": Object {
        "children": <header>
          <h1>
                    QUICK QUOTE
          </h1>
          <NavLink
                    activeClassName="active"
                    ariaCurrent="true"
                    className="nav"
                    to="/home"
          >
                    Home
          </NavLink>
          <NavLink
                    activeClassName="active"
                    ariaCurrent="true"
                    className="nav"
                    to="/motivation"
          >
                    Motivation
          </NavLink>
          <NavLink
                    activeClassName="active"
                    ariaCurrent="true"
                    className="nav"
                    to="/positive"
          >
                    Positive
          </NavLink>
          <NavLink
                    activeClassName="active"
                    ariaCurrent="true"
                    className="nav"
                    to="/life"
          >
                    Life
          </NavLink>
          <NavLink
                    activeClassName="active"
                    ariaCurrent="true"
                    className="nav"
                    to="/funny"
          >
                    Funny
          </NavLink>
          <NavLink
                    activeClassName="active"
                    ariaCurrent="true"
                    className="nav"
                    to="/love"
          >
                    Love
          </NavLink>
          <NavLink
                    activeClassName="active"
                    ariaCurrent="true"
                    className="nav"
                    to="/random"
          >
                    Random
          </NavLink>
          <NavLink
                    activeClassName="active"
                    ariaCurrent="true"
                    className="nav"
                    to="/students"
          >
                    Students
          </NavLink>
          <NavLink
                    activeClassName="active"
                    ariaCurrent="true"
                    className="nav"
                    to="/inspiration"
          >
                    Inspiration
          </NavLink>
          <NavLink
                    activeClassName="active"
                    ariaCurrent="true"
                    className="nav"
                    to="/meditation"
          >
                    Meditation
          </NavLink>
</header>,
        "className": "header-section",
      },
      "ref": null,
      "rendered": Object {
        "instance": null,
        "key": undefined,
        "nodeType": "host",
        "props": Object {
          "children": Array [
            <h1>
              QUICK QUOTE
</h1>,
            <NavLink
              activeClassName="active"
              ariaCurrent="true"
              className="nav"
              to="/home"
>
              Home
</NavLink>,
            <NavLink
              activeClassName="active"
              ariaCurrent="true"
              className="nav"
              to="/motivation"
>
              Motivation
</NavLink>,
            <NavLink
              activeClassName="active"
              ariaCurrent="true"
              className="nav"
              to="/positive"
>
              Positive
</NavLink>,
            <NavLink
              activeClassName="active"
              ariaCurrent="true"
              className="nav"
              to="/life"
>
              Life
</NavLink>,
            <NavLink
              activeClassName="active"
              ariaCurrent="true"
              className="nav"
              to="/funny"
>
              Funny
</NavLink>,
            <NavLink
              activeClassName="active"
              ariaCurrent="true"
              className="nav"
              to="/love"
>
              Love
</NavLink>,
            <NavLink
              activeClassName="active"
              ariaCurrent="true"
              className="nav"
              to="/random"
>
              Random
</NavLink>,
            <NavLink
              activeClassName="active"
              ariaCurrent="true"
              className="nav"
              to="/students"
>
              Students
</NavLink>,
            <NavLink
              activeClassName="active"
              ariaCurrent="true"
              className="nav"
              to="/inspiration"
>
              Inspiration
</NavLink>,
            <NavLink
              activeClassName="active"
              ariaCurrent="true"
              className="nav"
              to="/meditation"
>
              Meditation
</NavLink>,
          ],
        },
        "ref": null,
        "rendered": Array [
          Object {
            "instance": null,
            "key": undefined,
            "nodeType": "host",
            "props": Object {
              "children": "QUICK QUOTE",
            },
            "ref": null,
            "rendered": "QUICK QUOTE",
            "type": "h1",
          },
          Object {
            "instance": null,
            "key": undefined,
            "nodeType": "function",
            "props": Object {
              "activeClassName": "active",
              "ariaCurrent": "true",
              "children": "Home",
              "className": "nav",
              "to": "/home",
            },
            "ref": null,
            "rendered": "Home",
            "type": [Function],
          },
          Object {
            "instance": null,
            "key": undefined,
            "nodeType": "function",
            "props": Object {
              "activeClassName": "active",
              "ariaCurrent": "true",
              "children": "Motivation",
              "className": "nav",
              "to": "/motivation",
            },
            "ref": null,
            "rendered": "Motivation",
            "type": [Function],
          },
          Object {
            "instance": null,
            "key": undefined,
            "nodeType": "function",
            "props": Object {
              "activeClassName": "active",
              "ariaCurrent": "true",
              "children": "Positive",
              "className": "nav",
              "to": "/positive",
            },
            "ref": null,
            "rendered": "Positive",
            "type": [Function],
          },
          Object {
            "instance": null,
            "key": undefined,
            "nodeType": "function",
            "props": Object {
              "activeClassName": "active",
              "ariaCurrent": "true",
              "children": "Life",
              "className": "nav",
              "to": "/life",
            },
            "ref": null,
            "rendered": "Life",
            "type": [Function],
          },
          Object {
            "instance": null,
            "key": undefined,
            "nodeType": "function",
            "props": Object {
              "activeClassName": "active",
              "ariaCurrent": "true",
              "children": "Funny",
              "className": "nav",
              "to": "/funny",
            },
            "ref": null,
            "rendered": "Funny",
            "type": [Function],
          },
          Object {
            "instance": null,
            "key": undefined,
            "nodeType": "function",
            "props": Object {
              "activeClassName": "active",
              "ariaCurrent": "true",
              "children": "Love",
              "className": "nav",
              "to": "/love",
            },
            "ref": null,
            "rendered": "Love",
            "type": [Function],
          },
          Object {
            "instance": null,
            "key": undefined,
            "nodeType": "function",
            "props": Object {
              "activeClassName": "active",
              "ariaCurrent": "true",
              "children": "Random",
              "className": "nav",
              "to": "/random",
            },
            "ref": null,
            "rendered": "Random",
            "type": [Function],
          },
          Object {
            "instance": null,
            "key": undefined,
            "nodeType": "function",
            "props": Object {
              "activeClassName": "active",
              "ariaCurrent": "true",
              "children": "Students",
              "className": "nav",
              "to": "/students",
            },
            "ref": null,
            "rendered": "Students",
            "type": [Function],
          },
          Object {
            "instance": null,
            "key": undefined,
            "nodeType": "function",
            "props": Object {
              "activeClassName": "active",
              "ariaCurrent": "true",
              "children": "Inspiration",
              "className": "nav",
              "to": "/inspiration",
            },
            "ref": null,
            "rendered": "Inspiration",
            "type": [Function],
          },
          Object {
            "instance": null,
            "key": undefined,
            "nodeType": "function",
            "props": Object {
              "activeClassName": "active",
              "ariaCurrent": "true",
              "children": "Meditation",
              "className": "nav",
              "to": "/meditation",
            },
            "ref": null,
            "rendered": "Meditation",
            "type": [Function],
          },
        ],
        "type": "header",
      },
      "type": "div",
    },
    "type": "div",
  },
  Symbol(enzyme.__nodes__): Array [
    Object {
      "instance": null,
      "key": undefined,
      "nodeType": "host",
      "props": Object {
        "children": <div
          className="header-section"
>
          <header>
                    <h1>
                              QUICK QUOTE
                    </h1>
                    <NavLink
                              activeClassName="active"
                              ariaCurrent="true"
                              className="nav"
                              to="/home"
                    >
                              Home
                    </NavLink>
                    <NavLink
                              activeClassName="active"
                              ariaCurrent="true"
                              className="nav"
                              to="/motivation"
                    >
                              Motivation
                    </NavLink>
                    <NavLink
                              activeClassName="active"
                              ariaCurrent="true"
                              className="nav"
                              to="/positive"
                    >
                              Positive
                    </NavLink>
                    <NavLink
                              activeClassName="active"
                              ariaCurrent="true"
                              className="nav"
                              to="/life"
                    >
                              Life
                    </NavLink>
                    <NavLink
                              activeClassName="active"
                              ariaCurrent="true"
                              className="nav"
                              to="/funny"
                    >
                              Funny
                    </NavLink>
                    <NavLink
                              activeClassName="active"
                              ariaCurrent="true"
                              className="nav"
                              to="/love"
                    >
                              Love
                    </NavLink>
                    <NavLink
                              activeClassName="active"
                              ariaCurrent="true"
                              className="nav"
                              to="/random"
                    >
                              Random
                    </NavLink>
                    <NavLink
                              activeClassName="active"
                              ariaCurrent="true"
                              className="nav"
                              to="/students"
                    >
                              Students
                    </NavLink>
                    <NavLink
                              activeClassName="active"
                              ariaCurrent="true"
                              className="nav"
                              to="/inspiration"
                    >
                              Inspiration
                    </NavLink>
                    <NavLink
                              activeClassName="active"
                              ariaCurrent="true"
                              className="nav"
                              to="/meditation"
                    >
                              Meditation
                    </NavLink>
          </header>
</div>,
      },
      "ref": null,
      "rendered": Object {
        "instance": null,
        "key": undefined,
        "nodeType": "host",
        "props": Object {
          "children": <header>
            <h1>
                        QUICK QUOTE
            </h1>
            <NavLink
                        activeClassName="active"
                        ariaCurrent="true"
                        className="nav"
                        to="/home"
            >
                        Home
            </NavLink>
            <NavLink
                        activeClassName="active"
                        ariaCurrent="true"
                        className="nav"
                        to="/motivation"
            >
                        Motivation
            </NavLink>
            <NavLink
                        activeClassName="active"
                        ariaCurrent="true"
                        className="nav"
                        to="/positive"
            >
                        Positive
            </NavLink>
            <NavLink
                        activeClassName="active"
                        ariaCurrent="true"
                        className="nav"
                        to="/life"
            >
                        Life
            </NavLink>
            <NavLink
                        activeClassName="active"
                        ariaCurrent="true"
                        className="nav"
                        to="/funny"
            >
                        Funny
            </NavLink>
            <NavLink
                        activeClassName="active"
                        ariaCurrent="true"
                        className="nav"
                        to="/love"
            >
                        Love
            </NavLink>
            <NavLink
                        activeClassName="active"
                        ariaCurrent="true"
                        className="nav"
                        to="/random"
            >
                        Random
            </NavLink>
            <NavLink
                        activeClassName="active"
                        ariaCurrent="true"
                        className="nav"
                        to="/students"
            >
                        Students
            </NavLink>
            <NavLink
                        activeClassName="active"
                        ariaCurrent="true"
                        className="nav"
                        to="/inspiration"
            >
                        Inspiration
            </NavLink>
            <NavLink
                        activeClassName="active"
                        ariaCurrent="true"
                        className="nav"
                        to="/meditation"
            >
                        Meditation
            </NavLink>
</header>,
          "className": "header-section",
        },
        "ref": null,
        "rendered": Object {
          "instance": null,
          "key": undefined,
          "nodeType": "host",
          "props": Object {
            "children": Array [
              <h1>
                QUICK QUOTE
</h1>,
              <NavLink
                activeClassName="active"
                ariaCurrent="true"
                className="nav"
                to="/home"
>
                Home
</NavLink>,
              <NavLink
                activeClassName="active"
                ariaCurrent="true"
                className="nav"
                to="/motivation"
>
                Motivation
</NavLink>,
              <NavLink
                activeClassName="active"
                ariaCurrent="true"
                className="nav"
                to="/positive"
>
                Positive
</NavLink>,
              <NavLink
                activeClassName="active"
                ariaCurrent="true"
                className="nav"
                to="/life"
>
                Life
</NavLink>,
              <NavLink
                activeClassName="active"
                ariaCurrent="true"
                className="nav"
                to="/funny"
>
                Funny
</NavLink>,
              <NavLink
                activeClassName="active"
                ariaCurrent="true"
                className="nav"
                to="/love"
>
                Love
</NavLink>,
              <NavLink
                activeClassName="active"
                ariaCurrent="true"
                className="nav"
                to="/random"
>
                Random
</NavLink>,
              <NavLink
                activeClassName="active"
                ariaCurrent="true"
                className="nav"
                to="/students"
>
                Students
</NavLink>,
              <NavLink
                activeClassName="active"
                ariaCurrent="true"
                className="nav"
                to="/inspiration"
>
                Inspiration
</NavLink>,
              <NavLink
                activeClassName="active"
                ariaCurrent="true"
                className="nav"
                to="/meditation"
>
                Meditation
</NavLink>,
            ],
          },
          "ref": null,
          "rendered": Array [
            Object {
              "instance": null,
              "key": undefined,
              "nodeType": "host",
              "props": Object {
                "children": "QUICK QUOTE",
              },
              "ref": null,
              "rendered": "QUICK QUOTE",
              "type": "h1",
            },
            Object {
              "instance": null,
              "key": undefined,
              "nodeType": "function",
              "props": Object {
                "activeClassName": "active",
                "ariaCurrent": "true",
                "children": "Home",
                "className": "nav",
                "to": "/home",
              },
              "ref": null,
              "rendered": "Home",
              "type": [Function],
            },
            Object {
              "instance": null,
              "key": undefined,
              "nodeType": "function",
              "props": Object {
                "activeClassName": "active",
                "ariaCurrent": "true",
                "children": "Motivation",
                "className": "nav",
                "to": "/motivation",
              },
              "ref": null,
              "rendered": "Motivation",
              "type": [Function],
            },
            Object {
              "instance": null,
              "key": undefined,
              "nodeType": "function",
              "props": Object {
                "activeClassName": "active",
                "ariaCurrent": "true",
                "children": "Positive",
                "className": "nav",
                "to": "/positive",
              },
              "ref": null,
              "rendered": "Positive",
              "type": [Function],
            },
            Object {
              "instance": null,
              "key": undefined,
              "nodeType": "function",
              "props": Object {
                "activeClassName": "active",
                "ariaCurrent": "true",
                "children": "Life",
                "className": "nav",
                "to": "/life",
              },
              "ref": null,
              "rendered": "Life",
              "type": [Function],
            },
            Object {
              "instance": null,
              "key": undefined,
              "nodeType": "function",
              "props": Object {
                "activeClassName": "active",
                "ariaCurrent": "true",
                "children": "Funny",
                "className": "nav",
                "to": "/funny",
              },
              "ref": null,
              "rendered": "Funny",
              "type": [Function],
            },
            Object {
              "instance": null,
              "key": undefined,
              "nodeType": "function",
              "props": Object {
                "activeClassName": "active",
                "ariaCurrent": "true",
                "children": "Love",
                "className": "nav",
                "to": "/love",
              },
              "ref": null,
              "rendered": "Love",
              "type": [Function],
            },
            Object {
              "instance": null,
              "key": undefined,
              "nodeType": "function",
              "props": Object {
                "activeClassName": "active",
                "ariaCurrent": "true",
                "children": "Random",
                "className": "nav",
                "to": "/random",
              },
              "ref": null,
              "rendered": "Random",
              "type": [Function],
            },
            Object {
              "instance": null,
              "key": undefined,
              "nodeType": "function",
              "props": Object {
                "activeClassName": "active",
                "ariaCurrent": "true",
                "children": "Students",
                "className": "nav",
                "to": "/students",
              },
              "ref": null,
              "rendered": "Students",
              "type": [Function],
            },
            Object {
              "instance": null,
              "key": undefined,
              "nodeType": "function",
              "props": Object {
                "activeClassName": "active",
                "ariaCurrent": "true",
                "children": "Inspiration",
                "className": "nav",
                "to": "/inspiration",
              },
              "ref": null,
              "rendered": "Inspiration",
              "type": [Function],
            },
            Object {
              "instance": null,
              "key": undefined,
              "nodeType": "function",
              "props": Object {
                "activeClassName": "active",
                "ariaCurrent": "true",
                "children": "Meditation",
                "className": "nav",
                "to": "/meditation",
              },
              "ref": null,
              "rendered": "Meditation",
              "type": [Function],
            },
          ],
          "type": "header",
        },
        "type": "div",
      },
      "type": "div",
    },
  ],
  Symbol(enzyme.__options__): Object {
    "adapter": ReactSixteenAdapter {
      "options": Object {
        "enableComponentDidUpdateOnSetState": true,
      },
    },
  },
}
`;
